{"level":"INFO","message":"[5:03:51.699 PM]: Creating new connection object"}
{"level":"INFO","message":"[5:03:51.713 PM]: Creating Connection[id: f7f29055-2a90-47d2-b734-df00f01773e9] with host: XZTGGRL-UN88340.snowflakecomputing.com, account: XZTGGRL-UN88340, accessUrl: https://XZTGGRL-UN88340.snowflakecomputing.com, user: yasir, role: undefined, database: SNOWFLAKE_LEARNING_DB, schema: MARKET_INTELLIGENCE, warehouse: COMPUTE_WH, proxy was not configured, password is provided, region: undefined, authenticator: SNOWFLAKE, ocsp mode: FAIL_OPEN, os: win32, os version: 10.0.26200"}
{"level":"INFO","message":"[5:03:51.714 PM]: Connection[id: f7f29055-2a90-47d2-b734-df00f01773e9] additional details: passcode in password is provided, passcode is not provided, private key is not provided, application: undefined, client name: snowflake-sdk, client version: 3.3.0, retry timeout: 300, private key path: undefined, private key pass is not provided, client store temporary credential: false, browser response timeout: 120000"}
{"level":"INFO","message":"[5:03:51.716 PM]: Connection[id: f7f29055-2a90-47d2-b734-df00f01773e9] - connection object created successfully."}
{"level":"INFO","message":"[5:03:51.717 PM]: Connection[id: f7f29055-2a90-47d2-b734-df00f01773e9] - async connecting. Associated Snowflake domain: GLOBAL"}
{"level":"INFO","message":"[5:03:51.718 PM]: Trying to initialize Easy Logging"}
{"level":"INFO","message":"[5:03:51.762 PM]: No client config detected."}
{"level":"INFO","message":"[5:03:51.763 PM]: No config file path found. Client config will not be used."}
{"level":"INFO","message":"[5:03:51.773 PM]: Easy Logging is disabled as no config has been found"}
{"level":"INFO","message":"[5:03:51.775 PM]: Connection[id: f7f29055-2a90-47d2-b734-df00f01773e9] - authentication successful using: SNOWFLAKE"}
{"level":"INFO","message":"[5:03:57.060 PM]: Connection[id: f7f29055-2a90-47d2-b734-df00f01773e9] - connection established successfully after 5343.04 milliseconds"}
{"level":"INFO","message":"[5:04:51.768 PM]: Creating new connection object"}
{"level":"INFO","message":"[5:04:51.784 PM]: Creating Connection[id: d216948f-bbf2-46fc-8244-c1e4b650e02c] with host: XZTGGRL-UN88340.snowflakecomputing.com, account: XZTGGRL-UN88340, accessUrl: https://XZTGGRL-UN88340.snowflakecomputing.com, user: yasir, role: undefined, database: SNOWFLAKE_LEARNING_DB, schema: MARKET_INTELLIGENCE, warehouse: COMPUTE_WH, proxy was not configured, password is provided, region: undefined, authenticator: SNOWFLAKE, ocsp mode: FAIL_OPEN, os: win32, os version: 10.0.26200"}
{"level":"INFO","message":"[5:04:51.784 PM]: Connection[id: d216948f-bbf2-46fc-8244-c1e4b650e02c] additional details: passcode in password is provided, passcode is not provided, private key is not provided, application: undefined, client name: snowflake-sdk, client version: 3.3.0, retry timeout: 300, private key path: undefined, private key pass is not provided, client store temporary credential: false, browser response timeout: 120000"}
{"level":"INFO","message":"[5:04:51.785 PM]: Connection[id: d216948f-bbf2-46fc-8244-c1e4b650e02c] - connection object created successfully."}
{"level":"INFO","message":"[5:04:51.787 PM]: Connection[id: d216948f-bbf2-46fc-8244-c1e4b650e02c] - async connecting. Associated Snowflake domain: GLOBAL"}
{"level":"INFO","message":"[5:04:51.788 PM]: Trying to initialize Easy Logging"}
{"level":"INFO","message":"[5:04:51.843 PM]: No client config detected."}
{"level":"INFO","message":"[5:04:51.844 PM]: No config file path found. Client config will not be used."}
{"level":"INFO","message":"[5:04:51.844 PM]: Easy Logging is disabled as no config has been found"}
{"level":"INFO","message":"[5:04:51.845 PM]: Connection[id: d216948f-bbf2-46fc-8244-c1e4b650e02c] - authentication successful using: SNOWFLAKE"}
{"level":"INFO","message":"[5:04:54.620 PM]: Connection[id: d216948f-bbf2-46fc-8244-c1e4b650e02c] - connection established successfully after 2833.79 milliseconds"}
{"level":"INFO","message":"[5:09:12.942 PM]: Creating new connection object"}
{"level":"INFO","message":"[5:09:12.960 PM]: Creating Connection[id: db3b1ef3-ae3b-4d37-9ba9-091b6b06ab19] with host: XZTGGRL-UN88340.snowflakecomputing.com, account: XZTGGRL-UN88340, accessUrl: https://XZTGGRL-UN88340.snowflakecomputing.com, user: yasir, role: undefined, database: SNOWFLAKE_LEARNING_DB, schema: MARKET_INTELLIGENCE, warehouse: COMPUTE_WH, proxy was not configured, password is provided, region: undefined, authenticator: SNOWFLAKE, ocsp mode: FAIL_OPEN, os: win32, os version: 10.0.26200"}
{"level":"INFO","message":"[5:09:12.961 PM]: Connection[id: db3b1ef3-ae3b-4d37-9ba9-091b6b06ab19] additional details: passcode in password is provided, passcode is not provided, private key is not provided, application: undefined, client name: snowflake-sdk, client version: 3.3.0, retry timeout: 300, private key path: undefined, private key pass is not provided, client store temporary credential: false, browser response timeout: 120000"}
{"level":"INFO","message":"[5:09:12.962 PM]: Connection[id: db3b1ef3-ae3b-4d37-9ba9-091b6b06ab19] - connection object created successfully."}
{"level":"INFO","message":"[5:09:12.963 PM]: Connection[id: db3b1ef3-ae3b-4d37-9ba9-091b6b06ab19] - async connecting. Associated Snowflake domain: GLOBAL"}
{"level":"INFO","message":"[5:09:12.965 PM]: Trying to initialize Easy Logging"}
{"level":"INFO","message":"[5:09:12.968 PM]: No client config detected."}
{"level":"INFO","message":"[5:09:12.969 PM]: No config file path found. Client config will not be used."}
{"level":"INFO","message":"[5:09:12.971 PM]: Easy Logging is disabled as no config has been found"}
{"level":"INFO","message":"[5:09:12.975 PM]: Connection[id: db3b1ef3-ae3b-4d37-9ba9-091b6b06ab19] - authentication successful using: SNOWFLAKE"}
{"level":"INFO","message":"[5:09:14.119 PM]: Connection[id: db3b1ef3-ae3b-4d37-9ba9-091b6b06ab19] - connection established successfully after 1155.34 milliseconds"}
{"level":"INFO","message":"[5:10:52.038 PM]: Creating new connection object"}
{"level":"INFO","message":"[5:10:52.051 PM]: Creating Connection[id: 0489f904-d4ba-4735-807a-d810622681a9] with host: XZTGGRL-UN88340.snowflakecomputing.com, account: XZTGGRL-UN88340, accessUrl: https://XZTGGRL-UN88340.snowflakecomputing.com, user: yasir, role: undefined, database: SNOWFLAKE_LEARNING_DB, schema: MARKET_INTELLIGENCE, warehouse: COMPUTE_WH, proxy was not configured, password is provided, region: undefined, authenticator: SNOWFLAKE, ocsp mode: FAIL_OPEN, os: win32, os version: 10.0.26200"}
{"level":"INFO","message":"[5:10:52.052 PM]: Connection[id: 0489f904-d4ba-4735-807a-d810622681a9] additional details: passcode in password is provided, passcode is not provided, private key is not provided, application: undefined, client name: snowflake-sdk, client version: 3.3.0, retry timeout: 300, private key path: undefined, private key pass is not provided, client store temporary credential: false, browser response timeout: 120000"}
{"level":"INFO","message":"[5:10:52.053 PM]: Connection[id: 0489f904-d4ba-4735-807a-d810622681a9] - connection object created successfully."}
{"level":"INFO","message":"[5:10:52.054 PM]: Connection[id: 0489f904-d4ba-4735-807a-d810622681a9] - async connecting. Associated Snowflake domain: GLOBAL"}
{"level":"INFO","message":"[5:10:52.055 PM]: Trying to initialize Easy Logging"}
{"level":"INFO","message":"[5:10:52.060 PM]: No client config detected."}
{"level":"INFO","message":"[5:10:52.061 PM]: No config file path found. Client config will not be used."}
{"level":"INFO","message":"[5:10:52.062 PM]: Easy Logging is disabled as no config has been found"}
{"level":"INFO","message":"[5:10:52.065 PM]: Connection[id: 0489f904-d4ba-4735-807a-d810622681a9] - authentication successful using: SNOWFLAKE"}
{"level":"INFO","message":"[5:10:53.926 PM]: Connection[id: 0489f904-d4ba-4735-807a-d810622681a9] - connection established successfully after 1872.31 milliseconds"}
{"level":"INFO","message":"[5:12:23.733 PM]: Creating new connection object"}
{"level":"INFO","message":"[5:12:23.745 PM]: Creating Connection[id: 08e9dbc5-7a3f-49de-a233-2473504f9829] with host: XZTGGRL-UN88340.snowflakecomputing.com, account: XZTGGRL-UN88340, accessUrl: https://XZTGGRL-UN88340.snowflakecomputing.com, user: yasir, role: undefined, database: SNOWFLAKE_LEARNING_DB, schema: MARKET_INTELLIGENCE, warehouse: COMPUTE_WH, proxy was not configured, password is provided, region: undefined, authenticator: SNOWFLAKE, ocsp mode: FAIL_OPEN, os: win32, os version: 10.0.26200"}
{"level":"INFO","message":"[5:12:23.746 PM]: Connection[id: 08e9dbc5-7a3f-49de-a233-2473504f9829] additional details: passcode in password is provided, passcode is not provided, private key is not provided, application: undefined, client name: snowflake-sdk, client version: 3.3.0, retry timeout: 300, private key path: undefined, private key pass is not provided, client store temporary credential: false, browser response timeout: 120000"}
{"level":"INFO","message":"[5:12:23.747 PM]: Connection[id: 08e9dbc5-7a3f-49de-a233-2473504f9829] - connection object created successfully."}
{"level":"INFO","message":"[5:12:23.748 PM]: Connection[id: 08e9dbc5-7a3f-49de-a233-2473504f9829] - async connecting. Associated Snowflake domain: GLOBAL"}
{"level":"INFO","message":"[5:12:23.750 PM]: Trying to initialize Easy Logging"}
{"level":"INFO","message":"[5:12:23.760 PM]: No client config detected."}
{"level":"INFO","message":"[5:12:23.760 PM]: No config file path found. Client config will not be used."}
{"level":"INFO","message":"[5:12:23.762 PM]: Easy Logging is disabled as no config has been found"}
{"level":"INFO","message":"[5:12:23.764 PM]: Connection[id: 08e9dbc5-7a3f-49de-a233-2473504f9829] - authentication successful using: SNOWFLAKE"}
{"level":"INFO","message":"[5:12:25.991 PM]: Connection[id: 08e9dbc5-7a3f-49de-a233-2473504f9829] - connection established successfully after 2242.52 milliseconds"}
{"level":"INFO","message":"[5:18:06.372 PM]: Creating new connection object"}
{"level":"INFO","message":"[5:18:06.420 PM]: Creating Connection[id: c20da091-b1de-4ea2-a619-287680312c55] with host: XZTGGRL-UN88340.snowflakecomputing.com, account: XZTGGRL-UN88340, accessUrl: https://XZTGGRL-UN88340.snowflakecomputing.com, user: yasir, role: undefined, database: SNOWFLAKE_LEARNING_DB, schema: MARKET_INTELLIGENCE, warehouse: COMPUTE_WH, proxy was not configured, password is provided, region: undefined, authenticator: SNOWFLAKE, ocsp mode: FAIL_OPEN, os: win32, os version: 10.0.26200"}
{"level":"INFO","message":"[5:18:06.423 PM]: Connection[id: c20da091-b1de-4ea2-a619-287680312c55] additional details: passcode in password is provided, passcode is not provided, private key is not provided, application: undefined, client name: snowflake-sdk, client version: 3.3.0, retry timeout: 300, private key path: undefined, private key pass is not provided, client store temporary credential: false, browser response timeout: 120000"}
{"level":"INFO","message":"[5:18:06.425 PM]: Connection[id: c20da091-b1de-4ea2-a619-287680312c55] - connection object created successfully."}
{"level":"INFO","message":"[5:18:06.430 PM]: Connection[id: c20da091-b1de-4ea2-a619-287680312c55] - async connecting. Associated Snowflake domain: GLOBAL"}
{"level":"INFO","message":"[5:18:06.434 PM]: Trying to initialize Easy Logging"}
{"level":"INFO","message":"[5:18:06.516 PM]: No client config detected."}
{"level":"INFO","message":"[5:18:06.518 PM]: No config file path found. Client config will not be used."}
{"level":"INFO","message":"[5:18:06.519 PM]: Easy Logging is disabled as no config has been found"}
{"level":"INFO","message":"[5:18:06.520 PM]: Connection[id: c20da091-b1de-4ea2-a619-287680312c55] - authentication successful using: SNOWFLAKE"}
{"level":"INFO","message":"[5:18:08.976 PM]: Connection[id: c20da091-b1de-4ea2-a619-287680312c55] - connection established successfully after 2546.63 milliseconds"}
{"level":"INFO","message":"[5:42:44.992 PM]: Creating new connection object"}
{"level":"INFO","message":"[5:42:45.008 PM]: Creating Connection[id: b90ecf79-aea3-4c10-beb1-f4b478875296] with host: XZTGGRL-UN88340.snowflakecomputing.com, account: XZTGGRL-UN88340, accessUrl: https://XZTGGRL-UN88340.snowflakecomputing.com, user: yasir, role: undefined, database: SNOWFLAKE_LEARNING_DB, schema: MARKET_INTELLIGENCE, warehouse: COMPUTE_WH, proxy was not configured, password is provided, region: undefined, authenticator: SNOWFLAKE, ocsp mode: FAIL_OPEN, os: win32, os version: 10.0.26200"}
{"level":"INFO","message":"[5:42:45.009 PM]: Connection[id: b90ecf79-aea3-4c10-beb1-f4b478875296] additional details: passcode in password is provided, passcode is not provided, private key is not provided, application: undefined, client name: snowflake-sdk, client version: 3.3.0, retry timeout: 300, private key path: undefined, private key pass is not provided, client store temporary credential: false, browser response timeout: 120000"}
{"level":"INFO","message":"[5:42:45.010 PM]: Connection[id: b90ecf79-aea3-4c10-beb1-f4b478875296] - connection object created successfully."}
{"level":"INFO","message":"[5:44:08.649 PM]: Connection[id: b90ecf79-aea3-4c10-beb1-f4b478875296] - async connecting. Associated Snowflake domain: GLOBAL"}
{"level":"INFO","message":"[5:44:08.662 PM]: Trying to initialize Easy Logging"}
{"level":"INFO","message":"[5:44:08.678 PM]: No client config detected."}
{"level":"INFO","message":"[5:44:08.680 PM]: No config file path found. Client config will not be used."}
{"level":"INFO","message":"[5:44:08.681 PM]: Easy Logging is disabled as no config has been found"}
{"level":"INFO","message":"[5:44:08.686 PM]: Connection[id: b90ecf79-aea3-4c10-beb1-f4b478875296] - authentication successful using: SNOWFLAKE"}
{"level":"INFO","message":"[5:44:11.757 PM]: Connection[id: b90ecf79-aea3-4c10-beb1-f4b478875296] - connection established successfully after 3109.93 milliseconds"}
{"level":"INFO","message":"[5:49:23.210 PM]: Creating new connection object"}
{"level":"INFO","message":"[5:49:23.226 PM]: Creating Connection[id: 1b99edb1-77f0-4ca3-90fd-03c9f93f0931] with host: XZTGGRL-UN88340.snowflakecomputing.com, account: XZTGGRL-UN88340, accessUrl: https://XZTGGRL-UN88340.snowflakecomputing.com, user: yasir, role: undefined, database: SNOWFLAKE_LEARNING_DB, schema: MARKET_INTELLIGENCE, warehouse: COMPUTE_WH, proxy was not configured, password is provided, region: undefined, authenticator: SNOWFLAKE, ocsp mode: FAIL_OPEN, os: win32, os version: 10.0.26200"}
{"level":"INFO","message":"[5:49:23.227 PM]: Connection[id: 1b99edb1-77f0-4ca3-90fd-03c9f93f0931] additional details: passcode in password is provided, passcode is not provided, private key is not provided, application: undefined, client name: snowflake-sdk, client version: 3.3.0, retry timeout: 300, private key path: undefined, private key pass is not provided, client store temporary credential: false, browser response timeout: 120000"}
{"level":"INFO","message":"[5:49:23.228 PM]: Connection[id: 1b99edb1-77f0-4ca3-90fd-03c9f93f0931] - connection object created successfully."}
{"level":"INFO","message":"[5:55:39.982 PM]: Creating new connection object"}
{"level":"INFO","message":"[5:55:39.995 PM]: Creating Connection[id: aa5960d8-c2f5-4f2f-9df1-a1b3fdce155a] with host: XZTGGRL-UN88340.snowflakecomputing.com, account: XZTGGRL-UN88340, accessUrl: https://XZTGGRL-UN88340.snowflakecomputing.com, user: yasir, role: undefined, database: SNOWFLAKE_LEARNING_DB, schema: MARKET_INTELLIGENCE, warehouse: COMPUTE_WH, proxy was not configured, password is provided, region: undefined, authenticator: SNOWFLAKE, ocsp mode: FAIL_OPEN, os: win32, os version: 10.0.26200"}
{"level":"INFO","message":"[5:55:39.996 PM]: Connection[id: aa5960d8-c2f5-4f2f-9df1-a1b3fdce155a] additional details: passcode in password is provided, passcode is not provided, private key is not provided, application: undefined, client name: snowflake-sdk, client version: 3.3.0, retry timeout: 300, private key path: undefined, private key pass is not provided, client store temporary credential: false, browser response timeout: 120000"}
{"level":"INFO","message":"[5:55:39.999 PM]: Connection[id: aa5960d8-c2f5-4f2f-9df1-a1b3fdce155a] - connection object created successfully."}
{"level":"INFO","message":"[6:00:08.719 PM]: Connection[id: aa5960d8-c2f5-4f2f-9df1-a1b3fdce155a] - async connecting. Associated Snowflake domain: GLOBAL"}
{"level":"INFO","message":"[6:00:08.722 PM]: Trying to initialize Easy Logging"}
{"level":"INFO","message":"[6:00:08.724 PM]: No client config detected."}
{"level":"INFO","message":"[6:00:08.724 PM]: No config file path found. Client config will not be used."}
{"level":"INFO","message":"[6:00:08.725 PM]: Easy Logging is disabled as no config has been found"}
{"level":"INFO","message":"[6:00:08.725 PM]: Connection[id: aa5960d8-c2f5-4f2f-9df1-a1b3fdce155a] - authentication successful using: SNOWFLAKE"}
{"level":"INFO","message":"[6:00:10.142 PM]: Connection[id: aa5960d8-c2f5-4f2f-9df1-a1b3fdce155a] - connection established successfully after 1423.24 milliseconds"}
{"level":"INFO","message":"[6:19:09.451 PM]: Creating new connection object"}
{"level":"INFO","message":"[6:19:09.466 PM]: Creating Connection[id: ec4defab-d0bb-4941-a690-7a04758a5822] with host: XZTGGRL-UN88340.snowflakecomputing.com, account: XZTGGRL-UN88340, accessUrl: https://XZTGGRL-UN88340.snowflakecomputing.com, user: yasir, role: undefined, database: SNOWFLAKE_LEARNING_DB, schema: MARKET_INTELLIGENCE, warehouse: COMPUTE_WH, proxy was not configured, password is provided, region: undefined, authenticator: SNOWFLAKE, ocsp mode: FAIL_OPEN, os: win32, os version: 10.0.26200"}
{"level":"INFO","message":"[6:19:09.467 PM]: Connection[id: ec4defab-d0bb-4941-a690-7a04758a5822] additional details: passcode in password is provided, passcode is not provided, private key is not provided, application: undefined, client name: snowflake-sdk, client version: 3.3.0, retry timeout: 300, private key path: undefined, private key pass is not provided, client store temporary credential: false, browser response timeout: 120000"}
{"level":"INFO","message":"[6:19:09.468 PM]: Connection[id: ec4defab-d0bb-4941-a690-7a04758a5822] - connection object created successfully."}
{"level":"INFO","message":"[6:19:26.439 PM]: Connection[id: ec4defab-d0bb-4941-a690-7a04758a5822] - async connecting. Associated Snowflake domain: GLOBAL"}
{"level":"INFO","message":"[6:19:26.442 PM]: Trying to initialize Easy Logging"}
{"level":"INFO","message":"[6:19:26.449 PM]: No client config detected."}
{"level":"INFO","message":"[6:19:26.451 PM]: No config file path found. Client config will not be used."}
{"level":"INFO","message":"[6:19:26.451 PM]: Easy Logging is disabled as no config has been found"}
{"level":"INFO","message":"[6:19:26.453 PM]: Connection[id: ec4defab-d0bb-4941-a690-7a04758a5822] - authentication successful using: SNOWFLAKE"}
{"level":"INFO","message":"[6:19:29.633 PM]: Connection[id: ec4defab-d0bb-4941-a690-7a04758a5822] - connection established successfully after 3194.14 milliseconds"}
{"level":"INFO","message":"[6:31:44.480 PM]: Creating new connection object"}
{"level":"INFO","message":"[6:31:44.488 PM]: Creating Connection[id: 5f645d4f-8115-423b-9aec-cf0a4f4d990c] with host: XZTGGRL-UN88340.snowflakecomputing.com, account: XZTGGRL-UN88340, accessUrl: https://XZTGGRL-UN88340.snowflakecomputing.com, user: yasir, role: undefined, database: SNOWFLAKE_LEARNING_DB, schema: MARKET_INTELLIGENCE, warehouse: COMPUTE_WH, proxy was not configured, password is provided, region: undefined, authenticator: SNOWFLAKE, ocsp mode: FAIL_OPEN, os: win32, os version: 10.0.26200"}
{"level":"INFO","message":"[6:31:44.488 PM]: Connection[id: 5f645d4f-8115-423b-9aec-cf0a4f4d990c] additional details: passcode in password is provided, passcode is not provided, private key is not provided, application: undefined, client name: snowflake-sdk, client version: 3.3.0, retry timeout: 300, private key path: undefined, private key pass is not provided, client store temporary credential: false, browser response timeout: 120000"}
{"level":"INFO","message":"[6:31:44.489 PM]: Connection[id: 5f645d4f-8115-423b-9aec-cf0a4f4d990c] - connection object created successfully."}
{"level":"INFO","message":"[6:31:55.478 PM]: Connection[id: 5f645d4f-8115-423b-9aec-cf0a4f4d990c] - async connecting. Associated Snowflake domain: GLOBAL"}
{"level":"INFO","message":"[6:31:55.481 PM]: Trying to initialize Easy Logging"}
{"level":"INFO","message":"[6:31:55.484 PM]: No client config detected."}
{"level":"INFO","message":"[6:31:55.484 PM]: No config file path found. Client config will not be used."}
{"level":"INFO","message":"[6:31:55.484 PM]: Easy Logging is disabled as no config has been found"}
{"level":"INFO","message":"[6:31:55.485 PM]: Connection[id: 5f645d4f-8115-423b-9aec-cf0a4f4d990c] - authentication successful using: SNOWFLAKE"}
{"level":"INFO","message":"[6:31:57.476 PM]: Connection[id: 5f645d4f-8115-423b-9aec-cf0a4f4d990c] - connection established successfully after 1998.47 milliseconds"}
{"level":"INFO","message":"[6:36:31.621 PM]: Connection[id: 5f645d4f-8115-423b-9aec-cf0a4f4d990c] - async connecting. Associated Snowflake domain: GLOBAL"}
{"level":"INFO","message":"[6:36:31.626 PM]: Connection[id: 5f645d4f-8115-423b-9aec-cf0a4f4d990c] - authentication successful using: SNOWFLAKE"}
{"level":"ERROR","message":"[6:36:31.629 PM]: Connection[id: 5f645d4f-8115-423b-9aec-cf0a4f4d990c] - connection failed after 7.62 milliseconds. Error: Already connected."}
{"level":"INFO","message":"[6:37:07.429 PM]: Connection[id: 5f645d4f-8115-423b-9aec-cf0a4f4d990c] - async connecting. Associated Snowflake domain: GLOBAL"}
{"level":"INFO","message":"[6:37:07.438 PM]: Connection[id: 5f645d4f-8115-423b-9aec-cf0a4f4d990c] - authentication successful using: SNOWFLAKE"}
{"level":"ERROR","message":"[6:37:07.441 PM]: Connection[id: 5f645d4f-8115-423b-9aec-cf0a4f4d990c] - connection failed after 11.95 milliseconds. Error: Already connected."}
{"level":"INFO","message":"[6:38:04.062 PM]: Connection[id: 5f645d4f-8115-423b-9aec-cf0a4f4d990c] - async connecting. Associated Snowflake domain: GLOBAL"}
{"level":"INFO","message":"[6:38:04.063 PM]: Connection[id: 5f645d4f-8115-423b-9aec-cf0a4f4d990c] - authentication successful using: SNOWFLAKE"}
{"level":"ERROR","message":"[6:38:04.064 PM]: Connection[id: 5f645d4f-8115-423b-9aec-cf0a4f4d990c] - connection failed after 2.29 milliseconds. Error: Already connected."}
{"level":"INFO","message":"[6:39:18.013 PM]: Creating new connection object"}
{"level":"INFO","message":"[6:39:18.025 PM]: Creating Connection[id: 031c05a9-398a-423e-8da6-b9a22294be50] with host: XZTGGRL-UN88340.snowflakecomputing.com, account: XZTGGRL-UN88340, accessUrl: https://XZTGGRL-UN88340.snowflakecomputing.com, user: yasir, role: undefined, database: SNOWFLAKE_LEARNING_DB, schema: MARKET_INTELLIGENCE, warehouse: COMPUTE_WH, proxy was not configured, password is provided, region: undefined, authenticator: SNOWFLAKE, ocsp mode: FAIL_OPEN, os: win32, os version: 10.0.26200"}
{"level":"INFO","message":"[6:39:18.026 PM]: Connection[id: 031c05a9-398a-423e-8da6-b9a22294be50] additional details: passcode in password is provided, passcode is not provided, private key is not provided, application: undefined, client name: snowflake-sdk, client version: 3.3.0, retry timeout: 300, private key path: undefined, private key pass is not provided, client store temporary credential: false, browser response timeout: 120000"}
{"level":"INFO","message":"[6:39:18.027 PM]: Connection[id: 031c05a9-398a-423e-8da6-b9a22294be50] - connection object created successfully."}
{"level":"INFO","message":"[6:39:18.028 PM]: Connection[id: 031c05a9-398a-423e-8da6-b9a22294be50] - async connecting. Associated Snowflake domain: GLOBAL"}
{"level":"INFO","message":"[6:39:18.029 PM]: Trying to initialize Easy Logging"}
{"level":"INFO","message":"[6:39:18.037 PM]: No client config detected."}
{"level":"INFO","message":"[6:39:18.038 PM]: No config file path found. Client config will not be used."}
{"level":"INFO","message":"[6:39:18.039 PM]: Easy Logging is disabled as no config has been found"}
{"level":"INFO","message":"[6:39:18.041 PM]: Connection[id: 031c05a9-398a-423e-8da6-b9a22294be50] - authentication successful using: SNOWFLAKE"}
{"level":"INFO","message":"[6:39:19.789 PM]: Connection[id: 031c05a9-398a-423e-8da6-b9a22294be50] - connection established successfully after 1760.63 milliseconds"}
{"level":"INFO","message":"[6:39:49.959 PM]: Creating new connection object"}
{"level":"INFO","message":"[6:39:49.961 PM]: Creating Connection[id: d14520cb-faff-48b2-bbc2-22db7f8975e6] with host: XZTGGRL-UN88340.snowflakecomputing.com, account: XZTGGRL-UN88340, accessUrl: https://XZTGGRL-UN88340.snowflakecomputing.com, user: yasir, role: undefined, database: SNOWFLAKE_LEARNING_DB, schema: MARKET_INTELLIGENCE, warehouse: COMPUTE_WH, proxy was not configured, password is provided, region: undefined, authenticator: SNOWFLAKE, ocsp mode: FAIL_OPEN, os: win32, os version: 10.0.26200"}
{"level":"INFO","message":"[6:39:49.961 PM]: Connection[id: d14520cb-faff-48b2-bbc2-22db7f8975e6] additional details: passcode in password is provided, passcode is not provided, private key is not provided, application: undefined, client name: snowflake-sdk, client version: 3.3.0, retry timeout: 300, private key path: undefined, private key pass is not provided, client store temporary credential: false, browser response timeout: 120000"}
{"level":"INFO","message":"[6:39:49.962 PM]: Connection[id: d14520cb-faff-48b2-bbc2-22db7f8975e6] - connection object created successfully."}
{"level":"INFO","message":"[6:39:49.962 PM]: Connection[id: d14520cb-faff-48b2-bbc2-22db7f8975e6] - async connecting. Associated Snowflake domain: GLOBAL"}
{"level":"INFO","message":"[6:39:49.963 PM]: Connection[id: d14520cb-faff-48b2-bbc2-22db7f8975e6] - authentication successful using: SNOWFLAKE"}
{"level":"INFO","message":"[6:39:51.184 PM]: Connection[id: d14520cb-faff-48b2-bbc2-22db7f8975e6] - connection established successfully after 1222.27 milliseconds"}
{"level":"INFO","message":"[6:43:38.624 PM]: Creating new connection object"}
{"level":"INFO","message":"[6:43:38.632 PM]: Creating Connection[id: 2b6f2bf3-da65-4ed0-b80f-78159f7026fd] with host: XZTGGRL-UN88340.snowflakecomputing.com, account: XZTGGRL-UN88340, accessUrl: https://XZTGGRL-UN88340.snowflakecomputing.com, user: yasir, role: undefined, database: SNOWFLAKE_LEARNING_DB, schema: MARKET_INTELLIGENCE, warehouse: COMPUTE_WH, proxy was not configured, password is provided, region: undefined, authenticator: SNOWFLAKE, ocsp mode: FAIL_OPEN, os: win32, os version: 10.0.26200"}
{"level":"INFO","message":"[6:43:38.633 PM]: Connection[id: 2b6f2bf3-da65-4ed0-b80f-78159f7026fd] additional details: passcode in password is provided, passcode is not provided, private key is not provided, application: undefined, client name: snowflake-sdk, client version: 3.3.0, retry timeout: 300, private key path: undefined, private key pass is not provided, client store temporary credential: false, browser response timeout: 120000"}
{"level":"INFO","message":"[6:43:38.634 PM]: Connection[id: 2b6f2bf3-da65-4ed0-b80f-78159f7026fd] - connection object created successfully."}
{"level":"INFO","message":"[6:43:38.635 PM]: Connection[id: 2b6f2bf3-da65-4ed0-b80f-78159f7026fd] - async connecting. Associated Snowflake domain: GLOBAL"}
{"level":"INFO","message":"[6:43:38.637 PM]: Trying to initialize Easy Logging"}
{"level":"INFO","message":"[6:43:38.647 PM]: No client config detected."}
{"level":"INFO","message":"[6:43:38.648 PM]: No config file path found. Client config will not be used."}
{"level":"INFO","message":"[6:43:38.650 PM]: Easy Logging is disabled as no config has been found"}
{"level":"INFO","message":"[6:43:38.652 PM]: Connection[id: 2b6f2bf3-da65-4ed0-b80f-78159f7026fd] - authentication successful using: SNOWFLAKE"}
{"level":"INFO","message":"[6:43:39.912 PM]: Connection[id: 2b6f2bf3-da65-4ed0-b80f-78159f7026fd] - connection established successfully after 1277.65 milliseconds"}
{"level":"INFO","message":"[6:43:44.798 PM]: Creating new connection object"}
{"level":"INFO","message":"[6:43:44.799 PM]: Creating Connection[id: 34c068b8-e4ec-4c73-a08d-758863ad0b38] with host: XZTGGRL-UN88340.snowflakecomputing.com, account: XZTGGRL-UN88340, accessUrl: https://XZTGGRL-UN88340.snowflakecomputing.com, user: yasir, role: undefined, database: SNOWFLAKE_LEARNING_DB, schema: MARKET_INTELLIGENCE, warehouse: COMPUTE_WH, proxy was not configured, password is provided, region: undefined, authenticator: SNOWFLAKE, ocsp mode: FAIL_OPEN, os: win32, os version: 10.0.26200"}
{"level":"INFO","message":"[6:43:44.800 PM]: Connection[id: 34c068b8-e4ec-4c73-a08d-758863ad0b38] additional details: passcode in password is provided, passcode is not provided, private key is not provided, application: undefined, client name: snowflake-sdk, client version: 3.3.0, retry timeout: 300, private key path: undefined, private key pass is not provided, client store temporary credential: false, browser response timeout: 120000"}
{"level":"INFO","message":"[6:43:44.800 PM]: Connection[id: 34c068b8-e4ec-4c73-a08d-758863ad0b38] - connection object created successfully."}
{"level":"INFO","message":"[6:43:44.800 PM]: Connection[id: 34c068b8-e4ec-4c73-a08d-758863ad0b38] - async connecting. Associated Snowflake domain: GLOBAL"}
{"level":"INFO","message":"[6:43:44.800 PM]: Connection[id: 34c068b8-e4ec-4c73-a08d-758863ad0b38] - authentication successful using: SNOWFLAKE"}
{"level":"INFO","message":"[6:43:45.480 PM]: Connection[id: 34c068b8-e4ec-4c73-a08d-758863ad0b38] - connection established successfully after 680.23 milliseconds"}
{"level":"INFO","message":"[6:44:00.191 PM]: Creating new connection object"}
{"level":"INFO","message":"[6:44:00.193 PM]: Creating Connection[id: 40574f1a-f973-4d30-842f-a72eb599c553] with host: XZTGGRL-UN88340.snowflakecomputing.com, account: XZTGGRL-UN88340, accessUrl: https://XZTGGRL-UN88340.snowflakecomputing.com, user: yasir, role: undefined, database: SNOWFLAKE_LEARNING_DB, schema: MARKET_INTELLIGENCE, warehouse: COMPUTE_WH, proxy was not configured, password is provided, region: undefined, authenticator: SNOWFLAKE, ocsp mode: FAIL_OPEN, os: win32, os version: 10.0.26200"}
{"level":"INFO","message":"[6:44:00.194 PM]: Connection[id: 40574f1a-f973-4d30-842f-a72eb599c553] additional details: passcode in password is provided, passcode is not provided, private key is not provided, application: undefined, client name: snowflake-sdk, client version: 3.3.0, retry timeout: 300, private key path: undefined, private key pass is not provided, client store temporary credential: false, browser response timeout: 120000"}
{"level":"INFO","message":"[6:44:00.194 PM]: Connection[id: 40574f1a-f973-4d30-842f-a72eb599c553] - connection object created successfully."}
{"level":"INFO","message":"[6:44:00.195 PM]: Connection[id: 40574f1a-f973-4d30-842f-a72eb599c553] - async connecting. Associated Snowflake domain: GLOBAL"}
{"level":"INFO","message":"[6:44:00.197 PM]: Connection[id: 40574f1a-f973-4d30-842f-a72eb599c553] - authentication successful using: SNOWFLAKE"}
{"level":"INFO","message":"[6:44:01.325 PM]: Connection[id: 40574f1a-f973-4d30-842f-a72eb599c553] - connection established successfully after 1130.21 milliseconds"}
{"level":"INFO","message":"[6:46:44.491 PM]: Creating new connection object"}
{"level":"INFO","message":"[6:46:44.506 PM]: Creating Connection[id: 24e487ed-2d36-4c70-b5bf-7f320c8992c0] with host: XZTGGRL-UN88340.snowflakecomputing.com, account: XZTGGRL-UN88340, accessUrl: https://XZTGGRL-UN88340.snowflakecomputing.com, user: yasir, role: undefined, database: SNOWFLAKE_LEARNING_DB, schema: MARKET_INTELLIGENCE, warehouse: COMPUTE_WH, proxy was not configured, password is provided, region: undefined, authenticator: SNOWFLAKE, ocsp mode: FAIL_OPEN, os: win32, os version: 10.0.26200"}
{"level":"INFO","message":"[6:46:44.507 PM]: Connection[id: 24e487ed-2d36-4c70-b5bf-7f320c8992c0] additional details: passcode in password is provided, passcode is not provided, private key is not provided, application: undefined, client name: snowflake-sdk, client version: 3.3.0, retry timeout: 300, private key path: undefined, private key pass is not provided, client store temporary credential: false, browser response timeout: 120000"}
{"level":"INFO","message":"[6:46:44.507 PM]: Connection[id: 24e487ed-2d36-4c70-b5bf-7f320c8992c0] - connection object created successfully."}
{"level":"INFO","message":"[6:46:44.509 PM]: Connection[id: 24e487ed-2d36-4c70-b5bf-7f320c8992c0] - async connecting. Associated Snowflake domain: GLOBAL"}
{"level":"INFO","message":"[6:46:44.513 PM]: Connection[id: 24e487ed-2d36-4c70-b5bf-7f320c8992c0] - authentication successful using: SNOWFLAKE"}
{"level":"INFO","message":"[6:46:46.279 PM]: Connection[id: 24e487ed-2d36-4c70-b5bf-7f320c8992c0] - connection established successfully after 1769.96 milliseconds"}
{"level":"INFO","message":"[6:49:05.092 PM]: Creating new connection object"}
{"level":"INFO","message":"[6:49:05.096 PM]: Creating Connection[id: 2f376b1d-8103-4589-b049-83004af8adcb] with host: XZTGGRL-UN88340.snowflakecomputing.com, account: XZTGGRL-UN88340, accessUrl: https://XZTGGRL-UN88340.snowflakecomputing.com, user: yasir, role: undefined, database: SNOWFLAKE_LEARNING_DB, schema: MARKET_INTELLIGENCE, warehouse: COMPUTE_WH, proxy was not configured, password is provided, region: undefined, authenticator: SNOWFLAKE, ocsp mode: FAIL_OPEN, os: win32, os version: 10.0.26200"}
{"level":"INFO","message":"[6:49:05.097 PM]: Connection[id: 2f376b1d-8103-4589-b049-83004af8adcb] additional details: passcode in password is provided, passcode is not provided, private key is not provided, application: undefined, client name: snowflake-sdk, client version: 3.3.0, retry timeout: 300, private key path: undefined, private key pass is not provided, client store temporary credential: false, browser response timeout: 120000"}
{"level":"INFO","message":"[6:49:05.098 PM]: Connection[id: 2f376b1d-8103-4589-b049-83004af8adcb] - connection object created successfully."}
{"level":"INFO","message":"[6:49:05.098 PM]: Connection[id: 2f376b1d-8103-4589-b049-83004af8adcb] - async connecting. Associated Snowflake domain: GLOBAL"}
{"level":"INFO","message":"[6:49:05.099 PM]: Connection[id: 2f376b1d-8103-4589-b049-83004af8adcb] - authentication successful using: SNOWFLAKE"}
{"level":"INFO","message":"[6:49:07.151 PM]: Connection[id: 2f376b1d-8103-4589-b049-83004af8adcb] - connection established successfully after 2050.14 milliseconds"}
{"level":"INFO","message":"[6:49:07.970 PM]: Creating new connection object"}
{"level":"INFO","message":"[6:49:07.973 PM]: Creating Connection[id: d241cb77-00f8-42ce-bf90-16cfe59eef64] with host: XZTGGRL-UN88340.snowflakecomputing.com, account: XZTGGRL-UN88340, accessUrl: https://XZTGGRL-UN88340.snowflakecomputing.com, user: yasir, role: undefined, database: SNOWFLAKE_LEARNING_DB, schema: MARKET_INTELLIGENCE, warehouse: COMPUTE_WH, proxy was not configured, password is provided, region: undefined, authenticator: SNOWFLAKE, ocsp mode: FAIL_OPEN, os: win32, os version: 10.0.26200"}
{"level":"INFO","message":"[6:49:07.976 PM]: Connection[id: d241cb77-00f8-42ce-bf90-16cfe59eef64] additional details: passcode in password is provided, passcode is not provided, private key is not provided, application: undefined, client name: snowflake-sdk, client version: 3.3.0, retry timeout: 300, private key path: undefined, private key pass is not provided, client store temporary credential: false, browser response timeout: 120000"}
{"level":"INFO","message":"[6:49:07.981 PM]: Connection[id: d241cb77-00f8-42ce-bf90-16cfe59eef64] - connection object created successfully."}
{"level":"INFO","message":"[6:49:07.982 PM]: Connection[id: d241cb77-00f8-42ce-bf90-16cfe59eef64] - async connecting. Associated Snowflake domain: GLOBAL"}
{"level":"INFO","message":"[6:49:07.987 PM]: Connection[id: d241cb77-00f8-42ce-bf90-16cfe59eef64] - authentication successful using: SNOWFLAKE"}
{"level":"INFO","message":"[6:49:09.361 PM]: Connection[id: d241cb77-00f8-42ce-bf90-16cfe59eef64] - connection established successfully after 1378.8 milliseconds"}
{"level":"INFO","message":"[6:49:53.870 PM]: Creating new connection object"}
{"level":"INFO","message":"[6:49:53.874 PM]: Creating Connection[id: 8dc57810-dab8-47d4-8a2f-03e70e7eaf13] with host: XZTGGRL-UN88340.snowflakecomputing.com, account: XZTGGRL-UN88340, accessUrl: https://XZTGGRL-UN88340.snowflakecomputing.com, user: yasir, role: undefined, database: SNOWFLAKE_LEARNING_DB, schema: MARKET_INTELLIGENCE, warehouse: COMPUTE_WH, proxy was not configured, password is provided, region: undefined, authenticator: SNOWFLAKE, ocsp mode: FAIL_OPEN, os: win32, os version: 10.0.26200"}
{"level":"INFO","message":"[6:49:53.877 PM]: Connection[id: 8dc57810-dab8-47d4-8a2f-03e70e7eaf13] additional details: passcode in password is provided, passcode is not provided, private key is not provided, application: undefined, client name: snowflake-sdk, client version: 3.3.0, retry timeout: 300, private key path: undefined, private key pass is not provided, client store temporary credential: false, browser response timeout: 120000"}
{"level":"INFO","message":"[6:49:53.878 PM]: Connection[id: 8dc57810-dab8-47d4-8a2f-03e70e7eaf13] - connection object created successfully."}
{"level":"INFO","message":"[6:49:53.880 PM]: Connection[id: 8dc57810-dab8-47d4-8a2f-03e70e7eaf13] - async connecting. Associated Snowflake domain: GLOBAL"}
{"level":"INFO","message":"[6:49:53.881 PM]: Connection[id: 8dc57810-dab8-47d4-8a2f-03e70e7eaf13] - authentication successful using: SNOWFLAKE"}
{"level":"INFO","message":"[6:49:54.766 PM]: Connection[id: 8dc57810-dab8-47d4-8a2f-03e70e7eaf13] - connection established successfully after 886.76 milliseconds"}
{"level":"INFO","message":"[6:49:55.844 PM]: Creating new connection object"}
{"level":"INFO","message":"[6:49:55.849 PM]: Creating Connection[id: a4038a34-a1f2-476c-b585-de5cf1115043] with host: XZTGGRL-UN88340.snowflakecomputing.com, account: XZTGGRL-UN88340, accessUrl: https://XZTGGRL-UN88340.snowflakecomputing.com, user: yasir, role: undefined, database: SNOWFLAKE_LEARNING_DB, schema: MARKET_INTELLIGENCE, warehouse: COMPUTE_WH, proxy was not configured, password is provided, region: undefined, authenticator: SNOWFLAKE, ocsp mode: FAIL_OPEN, os: win32, os version: 10.0.26200"}
{"level":"INFO","message":"[6:49:55.851 PM]: Connection[id: a4038a34-a1f2-476c-b585-de5cf1115043] additional details: passcode in password is provided, passcode is not provided, private key is not provided, application: undefined, client name: snowflake-sdk, client version: 3.3.0, retry timeout: 300, private key path: undefined, private key pass is not provided, client store temporary credential: false, browser response timeout: 120000"}
{"level":"INFO","message":"[6:49:55.852 PM]: Connection[id: a4038a34-a1f2-476c-b585-de5cf1115043] - connection object created successfully."}
{"level":"INFO","message":"[6:49:55.853 PM]: Connection[id: a4038a34-a1f2-476c-b585-de5cf1115043] - async connecting. Associated Snowflake domain: GLOBAL"}
{"level":"INFO","message":"[6:49:55.855 PM]: Connection[id: a4038a34-a1f2-476c-b585-de5cf1115043] - authentication successful using: SNOWFLAKE"}
{"level":"INFO","message":"[6:49:57.140 PM]: Connection[id: a4038a34-a1f2-476c-b585-de5cf1115043] - connection established successfully after 1286.7 milliseconds"}
{"level":"INFO","message":"[6:53:14.810 PM]: Creating new connection object"}
{"level":"INFO","message":"[6:53:14.816 PM]: Creating Connection[id: bb4266ac-6d0f-4f96-8045-18f66d55848e] with host: XZTGGRL-UN88340.snowflakecomputing.com, account: XZTGGRL-UN88340, accessUrl: https://XZTGGRL-UN88340.snowflakecomputing.com, user: yasir, role: undefined, database: SNOWFLAKE_LEARNING_DB, schema: MARKET_INTELLIGENCE, warehouse: COMPUTE_WH, proxy was not configured, password is provided, region: undefined, authenticator: SNOWFLAKE, ocsp mode: FAIL_OPEN, os: win32, os version: 10.0.26200"}
{"level":"INFO","message":"[6:53:14.817 PM]: Connection[id: bb4266ac-6d0f-4f96-8045-18f66d55848e] additional details: passcode in password is provided, passcode is not provided, private key is not provided, application: undefined, client name: snowflake-sdk, client version: 3.3.0, retry timeout: 300, private key path: undefined, private key pass is not provided, client store temporary credential: false, browser response timeout: 120000"}
{"level":"INFO","message":"[6:53:14.819 PM]: Connection[id: bb4266ac-6d0f-4f96-8045-18f66d55848e] - connection object created successfully."}
{"level":"INFO","message":"[6:53:14.820 PM]: Connection[id: bb4266ac-6d0f-4f96-8045-18f66d55848e] - async connecting. Associated Snowflake domain: GLOBAL"}
{"level":"INFO","message":"[6:53:14.821 PM]: Connection[id: bb4266ac-6d0f-4f96-8045-18f66d55848e] - authentication successful using: SNOWFLAKE"}
{"level":"INFO","message":"[6:53:17.553 PM]: Connection[id: bb4266ac-6d0f-4f96-8045-18f66d55848e] - connection established successfully after 2733.14 milliseconds"}
{"level":"INFO","message":"[6:53:19.948 PM]: Creating new connection object"}
{"level":"INFO","message":"[6:53:19.951 PM]: Creating Connection[id: 4f9d2295-a94f-4b1c-b78b-0b88d70989d4] with host: XZTGGRL-UN88340.snowflakecomputing.com, account: XZTGGRL-UN88340, accessUrl: https://XZTGGRL-UN88340.snowflakecomputing.com, user: yasir, role: undefined, database: SNOWFLAKE_LEARNING_DB, schema: MARKET_INTELLIGENCE, warehouse: COMPUTE_WH, proxy was not configured, password is provided, region: undefined, authenticator: SNOWFLAKE, ocsp mode: FAIL_OPEN, os: win32, os version: 10.0.26200"}
{"level":"INFO","message":"[6:53:19.952 PM]: Connection[id: 4f9d2295-a94f-4b1c-b78b-0b88d70989d4] additional details: passcode in password is provided, passcode is not provided, private key is not provided, application: undefined, client name: snowflake-sdk, client version: 3.3.0, retry timeout: 300, private key path: undefined, private key pass is not provided, client store temporary credential: false, browser response timeout: 120000"}
{"level":"INFO","message":"[6:53:19.953 PM]: Connection[id: 4f9d2295-a94f-4b1c-b78b-0b88d70989d4] - connection object created successfully."}
{"level":"INFO","message":"[6:53:19.954 PM]: Connection[id: 4f9d2295-a94f-4b1c-b78b-0b88d70989d4] - async connecting. Associated Snowflake domain: GLOBAL"}
{"level":"INFO","message":"[6:53:19.955 PM]: Connection[id: 4f9d2295-a94f-4b1c-b78b-0b88d70989d4] - authentication successful using: SNOWFLAKE"}
{"level":"INFO","message":"[6:53:20.933 PM]: Connection[id: 4f9d2295-a94f-4b1c-b78b-0b88d70989d4] - connection established successfully after 978.96 milliseconds"}
{"level":"INFO","message":"[6:54:27.456 PM]: Creating new connection object"}
{"level":"INFO","message":"[6:54:27.459 PM]: Creating Connection[id: b3e040df-b28b-447e-936c-76f8ddc6ac63] with host: XZTGGRL-UN88340.snowflakecomputing.com, account: XZTGGRL-UN88340, accessUrl: https://XZTGGRL-UN88340.snowflakecomputing.com, user: yasir, role: undefined, database: SNOWFLAKE_LEARNING_DB, schema: MARKET_INTELLIGENCE, warehouse: COMPUTE_WH, proxy was not configured, password is provided, region: undefined, authenticator: SNOWFLAKE, ocsp mode: FAIL_OPEN, os: win32, os version: 10.0.26200"}
{"level":"INFO","message":"[6:54:27.461 PM]: Connection[id: b3e040df-b28b-447e-936c-76f8ddc6ac63] additional details: passcode in password is provided, passcode is not provided, private key is not provided, application: undefined, client name: snowflake-sdk, client version: 3.3.0, retry timeout: 300, private key path: undefined, private key pass is not provided, client store temporary credential: false, browser response timeout: 120000"}
{"level":"INFO","message":"[6:54:27.462 PM]: Connection[id: b3e040df-b28b-447e-936c-76f8ddc6ac63] - connection object created successfully."}
{"level":"INFO","message":"[6:54:27.464 PM]: Connection[id: b3e040df-b28b-447e-936c-76f8ddc6ac63] - async connecting. Associated Snowflake domain: GLOBAL"}
{"level":"INFO","message":"[6:54:27.470 PM]: Connection[id: b3e040df-b28b-447e-936c-76f8ddc6ac63] - authentication successful using: SNOWFLAKE"}
{"level":"INFO","message":"[6:54:28.600 PM]: Connection[id: b3e040df-b28b-447e-936c-76f8ddc6ac63] - connection established successfully after 1135.4 milliseconds"}
{"level":"INFO","message":"[6:57:10.019 PM]: Creating new connection object"}
{"level":"INFO","message":"[6:57:10.030 PM]: Creating Connection[id: 01e4c87c-a90c-450b-b497-f9c36a8a2da7] with host: XZTGGRL-UN88340.snowflakecomputing.com, account: XZTGGRL-UN88340, accessUrl: https://XZTGGRL-UN88340.snowflakecomputing.com, user: yasir, role: undefined, database: SNOWFLAKE_LEARNING_DB, schema: MARKET_INTELLIGENCE, warehouse: COMPUTE_WH, proxy was not configured, password is provided, region: undefined, authenticator: SNOWFLAKE, ocsp mode: FAIL_OPEN, os: win32, os version: 10.0.26200"}
{"level":"INFO","message":"[6:57:10.031 PM]: Connection[id: 01e4c87c-a90c-450b-b497-f9c36a8a2da7] additional details: passcode in password is provided, passcode is not provided, private key is not provided, application: undefined, client name: snowflake-sdk, client version: 3.3.0, retry timeout: 300, private key path: undefined, private key pass is not provided, client store temporary credential: false, browser response timeout: 120000"}
{"level":"INFO","message":"[6:57:10.032 PM]: Connection[id: 01e4c87c-a90c-450b-b497-f9c36a8a2da7] - connection object created successfully."}
{"level":"INFO","message":"[6:57:10.033 PM]: Connection[id: 01e4c87c-a90c-450b-b497-f9c36a8a2da7] - async connecting. Associated Snowflake domain: GLOBAL"}
{"level":"INFO","message":"[6:57:10.035 PM]: Connection[id: 01e4c87c-a90c-450b-b497-f9c36a8a2da7] - authentication successful using: SNOWFLAKE"}
{"level":"INFO","message":"[6:57:11.318 PM]: Connection[id: 01e4c87c-a90c-450b-b497-f9c36a8a2da7] - connection established successfully after 1284.31 milliseconds"}
{"level":"INFO","message":"[6:57:13.251 PM]: Creating new connection object"}
{"level":"INFO","message":"[6:57:13.253 PM]: Creating Connection[id: f4f24804-5a62-4d07-82f1-bc5755ec25ec] with host: XZTGGRL-UN88340.snowflakecomputing.com, account: XZTGGRL-UN88340, accessUrl: https://XZTGGRL-UN88340.snowflakecomputing.com, user: yasir, role: undefined, database: SNOWFLAKE_LEARNING_DB, schema: MARKET_INTELLIGENCE, warehouse: COMPUTE_WH, proxy was not configured, password is provided, region: undefined, authenticator: SNOWFLAKE, ocsp mode: FAIL_OPEN, os: win32, os version: 10.0.26200"}
{"level":"INFO","message":"[6:57:13.253 PM]: Connection[id: f4f24804-5a62-4d07-82f1-bc5755ec25ec] additional details: passcode in password is provided, passcode is not provided, private key is not provided, application: undefined, client name: snowflake-sdk, client version: 3.3.0, retry timeout: 300, private key path: undefined, private key pass is not provided, client store temporary credential: false, browser response timeout: 120000"}
{"level":"INFO","message":"[6:57:13.254 PM]: Connection[id: f4f24804-5a62-4d07-82f1-bc5755ec25ec] - connection object created successfully."}
{"level":"INFO","message":"[6:57:13.255 PM]: Connection[id: f4f24804-5a62-4d07-82f1-bc5755ec25ec] - async connecting. Associated Snowflake domain: GLOBAL"}
{"level":"INFO","message":"[6:57:13.256 PM]: Connection[id: f4f24804-5a62-4d07-82f1-bc5755ec25ec] - authentication successful using: SNOWFLAKE"}
{"level":"INFO","message":"[6:57:15.200 PM]: Connection[id: f4f24804-5a62-4d07-82f1-bc5755ec25ec] - connection established successfully after 1945.33 milliseconds"}
{"level":"INFO","message":"[6:57:15.961 PM]: Creating new connection object"}
{"level":"INFO","message":"[6:57:15.964 PM]: Creating Connection[id: 5322848b-f674-48a8-9bef-b720d55b65e3] with host: XZTGGRL-UN88340.snowflakecomputing.com, account: XZTGGRL-UN88340, accessUrl: https://XZTGGRL-UN88340.snowflakecomputing.com, user: yasir, role: undefined, database: SNOWFLAKE_LEARNING_DB, schema: MARKET_INTELLIGENCE, warehouse: COMPUTE_WH, proxy was not configured, password is provided, region: undefined, authenticator: SNOWFLAKE, ocsp mode: FAIL_OPEN, os: win32, os version: 10.0.26200"}
{"level":"INFO","message":"[6:57:15.965 PM]: Connection[id: 5322848b-f674-48a8-9bef-b720d55b65e3] additional details: passcode in password is provided, passcode is not provided, private key is not provided, application: undefined, client name: snowflake-sdk, client version: 3.3.0, retry timeout: 300, private key path: undefined, private key pass is not provided, client store temporary credential: false, browser response timeout: 120000"}
{"level":"INFO","message":"[6:57:15.966 PM]: Connection[id: 5322848b-f674-48a8-9bef-b720d55b65e3] - connection object created successfully."}
{"level":"INFO","message":"[6:57:15.967 PM]: Connection[id: 5322848b-f674-48a8-9bef-b720d55b65e3] - async connecting. Associated Snowflake domain: GLOBAL"}
{"level":"INFO","message":"[6:57:15.968 PM]: Connection[id: 5322848b-f674-48a8-9bef-b720d55b65e3] - authentication successful using: SNOWFLAKE"}
{"level":"INFO","message":"[6:57:16.453 PM]: Connection[id: 5322848b-f674-48a8-9bef-b720d55b65e3] - connection established successfully after 486.18 milliseconds"}
{"level":"INFO","message":"[6:57:16.960 PM]: Creating new connection object"}
{"level":"INFO","message":"[6:57:16.962 PM]: Creating Connection[id: 1af591ea-43a0-4392-aaa2-1c9380cd9409] with host: XZTGGRL-UN88340.snowflakecomputing.com, account: XZTGGRL-UN88340, accessUrl: https://XZTGGRL-UN88340.snowflakecomputing.com, user: yasir, role: undefined, database: SNOWFLAKE_LEARNING_DB, schema: MARKET_INTELLIGENCE, warehouse: COMPUTE_WH, proxy was not configured, password is provided, region: undefined, authenticator: SNOWFLAKE, ocsp mode: FAIL_OPEN, os: win32, os version: 10.0.26200"}
{"level":"INFO","message":"[6:57:16.963 PM]: Connection[id: 1af591ea-43a0-4392-aaa2-1c9380cd9409] additional details: passcode in password is provided, passcode is not provided, private key is not provided, application: undefined, client name: snowflake-sdk, client version: 3.3.0, retry timeout: 300, private key path: undefined, private key pass is not provided, client store temporary credential: false, browser response timeout: 120000"}
{"level":"INFO","message":"[6:57:16.964 PM]: Connection[id: 1af591ea-43a0-4392-aaa2-1c9380cd9409] - connection object created successfully."}
{"level":"INFO","message":"[6:57:16.964 PM]: Connection[id: 1af591ea-43a0-4392-aaa2-1c9380cd9409] - async connecting. Associated Snowflake domain: GLOBAL"}
{"level":"INFO","message":"[6:57:16.965 PM]: Connection[id: 1af591ea-43a0-4392-aaa2-1c9380cd9409] - authentication successful using: SNOWFLAKE"}
{"level":"INFO","message":"[6:57:17.380 PM]: Connection[id: 1af591ea-43a0-4392-aaa2-1c9380cd9409] - connection established successfully after 415.75 milliseconds"}
{"level":"INFO","message":"[7:00:50.344 PM]: Creating new connection object"}
{"level":"INFO","message":"[7:00:50.350 PM]: Creating Connection[id: 5de1f70c-ee48-460a-8f85-efd088cde595] with host: XZTGGRL-UN88340.snowflakecomputing.com, account: XZTGGRL-UN88340, accessUrl: https://XZTGGRL-UN88340.snowflakecomputing.com, user: yasir, role: undefined, database: SNOWFLAKE_LEARNING_DB, schema: MARKET_INTELLIGENCE, warehouse: COMPUTE_WH, proxy was not configured, password is provided, region: undefined, authenticator: SNOWFLAKE, ocsp mode: FAIL_OPEN, os: win32, os version: 10.0.26200"}
{"level":"INFO","message":"[7:00:50.352 PM]: Connection[id: 5de1f70c-ee48-460a-8f85-efd088cde595] additional details: passcode in password is provided, passcode is not provided, private key is not provided, application: undefined, client name: snowflake-sdk, client version: 3.3.0, retry timeout: 300, private key path: undefined, private key pass is not provided, client store temporary credential: false, browser response timeout: 120000"}
{"level":"INFO","message":"[7:00:50.353 PM]: Connection[id: 5de1f70c-ee48-460a-8f85-efd088cde595] - connection object created successfully."}
{"level":"INFO","message":"[7:00:50.354 PM]: Connection[id: 5de1f70c-ee48-460a-8f85-efd088cde595] - async connecting. Associated Snowflake domain: GLOBAL"}
{"level":"INFO","message":"[7:00:50.355 PM]: Connection[id: 5de1f70c-ee48-460a-8f85-efd088cde595] - authentication successful using: SNOWFLAKE"}
{"level":"INFO","message":"[7:00:52.186 PM]: Connection[id: 5de1f70c-ee48-460a-8f85-efd088cde595] - connection established successfully after 1831.04 milliseconds"}
{"level":"INFO","message":"[7:00:52.709 PM]: Creating new connection object"}
{"level":"INFO","message":"[7:00:52.714 PM]: Creating Connection[id: ec0299f0-41e2-4b11-925e-c7b598ce3222] with host: XZTGGRL-UN88340.snowflakecomputing.com, account: XZTGGRL-UN88340, accessUrl: https://XZTGGRL-UN88340.snowflakecomputing.com, user: yasir, role: undefined, database: SNOWFLAKE_LEARNING_DB, schema: MARKET_INTELLIGENCE, warehouse: COMPUTE_WH, proxy was not configured, password is provided, region: undefined, authenticator: SNOWFLAKE, ocsp mode: FAIL_OPEN, os: win32, os version: 10.0.26200"}
{"level":"INFO","message":"[7:00:52.715 PM]: Connection[id: ec0299f0-41e2-4b11-925e-c7b598ce3222] additional details: passcode in password is provided, passcode is not provided, private key is not provided, application: undefined, client name: snowflake-sdk, client version: 3.3.0, retry timeout: 300, private key path: undefined, private key pass is not provided, client store temporary credential: false, browser response timeout: 120000"}
{"level":"INFO","message":"[7:00:52.715 PM]: Connection[id: ec0299f0-41e2-4b11-925e-c7b598ce3222] - connection object created successfully."}
{"level":"INFO","message":"[7:00:52.716 PM]: Connection[id: ec0299f0-41e2-4b11-925e-c7b598ce3222] - async connecting. Associated Snowflake domain: GLOBAL"}
{"level":"INFO","message":"[7:00:52.717 PM]: Connection[id: ec0299f0-41e2-4b11-925e-c7b598ce3222] - authentication successful using: SNOWFLAKE"}
{"level":"INFO","message":"[7:00:53.292 PM]: Connection[id: ec0299f0-41e2-4b11-925e-c7b598ce3222] - connection established successfully after 576.39 milliseconds"}
{"level":"INFO","message":"[7:02:42.724 PM]: Creating new connection object"}
{"level":"INFO","message":"[7:02:42.733 PM]: Creating Connection[id: b8401277-0457-46e2-89a4-a6d75e8afe2e] with host: XZTGGRL-UN88340.snowflakecomputing.com, account: XZTGGRL-UN88340, accessUrl: https://XZTGGRL-UN88340.snowflakecomputing.com, user: yasir, role: undefined, database: SNOWFLAKE_LEARNING_DB, schema: MARKET_INTELLIGENCE, warehouse: COMPUTE_WH, proxy was not configured, password is provided, region: undefined, authenticator: SNOWFLAKE, ocsp mode: FAIL_OPEN, os: win32, os version: 10.0.26200"}
{"level":"INFO","message":"[7:02:42.736 PM]: Connection[id: b8401277-0457-46e2-89a4-a6d75e8afe2e] additional details: passcode in password is provided, passcode is not provided, private key is not provided, application: undefined, client name: snowflake-sdk, client version: 3.3.0, retry timeout: 300, private key path: undefined, private key pass is not provided, client store temporary credential: false, browser response timeout: 120000"}
{"level":"INFO","message":"[7:02:42.737 PM]: Connection[id: b8401277-0457-46e2-89a4-a6d75e8afe2e] - connection object created successfully."}
{"level":"INFO","message":"[7:02:42.738 PM]: Connection[id: b8401277-0457-46e2-89a4-a6d75e8afe2e] - async connecting. Associated Snowflake domain: GLOBAL"}
{"level":"INFO","message":"[7:02:42.741 PM]: Connection[id: b8401277-0457-46e2-89a4-a6d75e8afe2e] - authentication successful using: SNOWFLAKE"}
{"level":"INFO","message":"[7:02:44.900 PM]: Connection[id: b8401277-0457-46e2-89a4-a6d75e8afe2e] - connection established successfully after 2161.53 milliseconds"}
{"level":"INFO","message":"[7:02:46.002 PM]: Creating new connection object"}
{"level":"INFO","message":"[7:02:46.004 PM]: Creating Connection[id: 3a8bf1a6-3eee-4c92-a27b-9bf193f06cba] with host: XZTGGRL-UN88340.snowflakecomputing.com, account: XZTGGRL-UN88340, accessUrl: https://XZTGGRL-UN88340.snowflakecomputing.com, user: yasir, role: undefined, database: SNOWFLAKE_LEARNING_DB, schema: MARKET_INTELLIGENCE, warehouse: COMPUTE_WH, proxy was not configured, password is provided, region: undefined, authenticator: SNOWFLAKE, ocsp mode: FAIL_OPEN, os: win32, os version: 10.0.26200"}
{"level":"INFO","message":"[7:02:46.006 PM]: Connection[id: 3a8bf1a6-3eee-4c92-a27b-9bf193f06cba] additional details: passcode in password is provided, passcode is not provided, private key is not provided, application: undefined, client name: snowflake-sdk, client version: 3.3.0, retry timeout: 300, private key path: undefined, private key pass is not provided, client store temporary credential: false, browser response timeout: 120000"}
{"level":"INFO","message":"[7:02:46.007 PM]: Connection[id: 3a8bf1a6-3eee-4c92-a27b-9bf193f06cba] - connection object created successfully."}
{"level":"INFO","message":"[7:02:46.008 PM]: Connection[id: 3a8bf1a6-3eee-4c92-a27b-9bf193f06cba] - async connecting. Associated Snowflake domain: GLOBAL"}
{"level":"INFO","message":"[7:02:46.010 PM]: Connection[id: 3a8bf1a6-3eee-4c92-a27b-9bf193f06cba] - authentication successful using: SNOWFLAKE"}
{"level":"INFO","message":"[7:02:47.133 PM]: Connection[id: 3a8bf1a6-3eee-4c92-a27b-9bf193f06cba] - connection established successfully after 1125.09 milliseconds"}
{"level":"INFO","message":"[7:03:22.230 PM]: Creating new connection object"}
{"level":"INFO","message":"[7:03:22.245 PM]: Creating Connection[id: 093cbeef-b6d5-440b-94a6-e19717f5c2b5] with host: XZTGGRL-UN88340.snowflakecomputing.com, account: XZTGGRL-UN88340, accessUrl: https://XZTGGRL-UN88340.snowflakecomputing.com, user: yasir, role: undefined, database: SNOWFLAKE_LEARNING_DB, schema: MARKET_INTELLIGENCE, warehouse: COMPUTE_WH, proxy was not configured, password is provided, region: undefined, authenticator: SNOWFLAKE, ocsp mode: FAIL_OPEN, os: win32, os version: 10.0.26200"}
{"level":"INFO","message":"[7:03:22.246 PM]: Connection[id: 093cbeef-b6d5-440b-94a6-e19717f5c2b5] additional details: passcode in password is provided, passcode is not provided, private key is not provided, application: undefined, client name: snowflake-sdk, client version: 3.3.0, retry timeout: 300, private key path: undefined, private key pass is not provided, client store temporary credential: false, browser response timeout: 120000"}
{"level":"INFO","message":"[7:03:22.249 PM]: Connection[id: 093cbeef-b6d5-440b-94a6-e19717f5c2b5] - connection object created successfully."}
{"level":"INFO","message":"[7:03:22.252 PM]: Connection[id: 093cbeef-b6d5-440b-94a6-e19717f5c2b5] - async connecting. Associated Snowflake domain: GLOBAL"}
{"level":"INFO","message":"[7:03:22.255 PM]: Connection[id: 093cbeef-b6d5-440b-94a6-e19717f5c2b5] - authentication successful using: SNOWFLAKE"}
{"level":"INFO","message":"[7:03:23.776 PM]: Connection[id: 093cbeef-b6d5-440b-94a6-e19717f5c2b5] - connection established successfully after 1523.83 milliseconds"}
{"level":"INFO","message":"[7:03:24.986 PM]: Creating new connection object"}
{"level":"INFO","message":"[7:03:24.988 PM]: Creating Connection[id: 82588b76-c7fd-49ff-a5c4-2408a2863e09] with host: XZTGGRL-UN88340.snowflakecomputing.com, account: XZTGGRL-UN88340, accessUrl: https://XZTGGRL-UN88340.snowflakecomputing.com, user: yasir, role: undefined, database: SNOWFLAKE_LEARNING_DB, schema: MARKET_INTELLIGENCE, warehouse: COMPUTE_WH, proxy was not configured, password is provided, region: undefined, authenticator: SNOWFLAKE, ocsp mode: FAIL_OPEN, os: win32, os version: 10.0.26200"}
{"level":"INFO","message":"[7:03:24.989 PM]: Connection[id: 82588b76-c7fd-49ff-a5c4-2408a2863e09] additional details: passcode in password is provided, passcode is not provided, private key is not provided, application: undefined, client name: snowflake-sdk, client version: 3.3.0, retry timeout: 300, private key path: undefined, private key pass is not provided, client store temporary credential: false, browser response timeout: 120000"}
{"level":"INFO","message":"[7:03:24.990 PM]: Connection[id: 82588b76-c7fd-49ff-a5c4-2408a2863e09] - connection object created successfully."}
{"level":"INFO","message":"[7:03:24.991 PM]: Connection[id: 82588b76-c7fd-49ff-a5c4-2408a2863e09] - async connecting. Associated Snowflake domain: GLOBAL"}
{"level":"INFO","message":"[7:03:24.993 PM]: Connection[id: 82588b76-c7fd-49ff-a5c4-2408a2863e09] - authentication successful using: SNOWFLAKE"}
{"level":"INFO","message":"[7:03:26.558 PM]: Connection[id: 82588b76-c7fd-49ff-a5c4-2408a2863e09] - connection established successfully after 1567.01 milliseconds"}
{"level":"INFO","message":"[7:09:07.439 PM]: Creating new connection object"}
{"level":"INFO","message":"[7:09:07.463 PM]: Creating Connection[id: 360ddf59-0437-4bd6-953d-20cbcd6ad60d] with host: XZTGGRL-UN88340.snowflakecomputing.com, account: XZTGGRL-UN88340, accessUrl: https://XZTGGRL-UN88340.snowflakecomputing.com, user: yasir, role: undefined, database: SNOWFLAKE_LEARNING_DB, schema: MARKET_INTELLIGENCE, warehouse: COMPUTE_WH, proxy was not configured, password is provided, region: undefined, authenticator: SNOWFLAKE, ocsp mode: FAIL_OPEN, os: win32, os version: 10.0.26200"}
{"level":"INFO","message":"[7:09:07.464 PM]: Connection[id: 360ddf59-0437-4bd6-953d-20cbcd6ad60d] additional details: passcode in password is provided, passcode is not provided, private key is not provided, application: undefined, client name: snowflake-sdk, client version: 3.3.0, retry timeout: 300, private key path: undefined, private key pass is not provided, client store temporary credential: false, browser response timeout: 120000"}
{"level":"INFO","message":"[7:09:07.468 PM]: Connection[id: 360ddf59-0437-4bd6-953d-20cbcd6ad60d] - connection object created successfully."}
{"level":"INFO","message":"[7:09:07.470 PM]: Connection[id: 360ddf59-0437-4bd6-953d-20cbcd6ad60d] - async connecting. Associated Snowflake domain: GLOBAL"}
{"level":"INFO","message":"[7:09:07.473 PM]: Trying to initialize Easy Logging"}
{"level":"INFO","message":"[7:09:07.494 PM]: No client config detected."}
{"level":"INFO","message":"[7:09:07.500 PM]: No config file path found. Client config will not be used."}
{"level":"INFO","message":"[7:09:07.502 PM]: Easy Logging is disabled as no config has been found"}
{"level":"INFO","message":"[7:09:07.507 PM]: Connection[id: 360ddf59-0437-4bd6-953d-20cbcd6ad60d] - authentication successful using: SNOWFLAKE"}
{"level":"INFO","message":"[7:09:10.321 PM]: Connection[id: 360ddf59-0437-4bd6-953d-20cbcd6ad60d] - connection established successfully after 2851.56 milliseconds"}
